accept: */*
host: localhost:8080
user-agent: curl/8.5.0
accept: */*
host: localhost:8080
user-agent: curl/8.5.0
accept: */*
host: localhost:8080
user-agent: curl/8.5.0
accept: */*
host: localhost:8080
user-agent: curl/8.5.0
accept: */*
host: localhost:8080
user-agent: curl/8.5.0
accept: */*
host: localhost:8080
user-agent: curl/8.5.0
accept: */*
host: localhost:8080
user-agent: curl/8.5.0
accept: */*
host: localhost:8080
user-agent: curl/8.5.0
host: localhost
host: localhost
host: localhost
host: localhost
host: localhost
accept: */*
host: localhost:8080
user-agent: curl/8.5.0
accept: */*
host: localhost:8080
user-agent: curl/8.5.0
accept: */*
host: localhost:8080
user-agent: curl/8.5.0
accept: */*
host: localhost:8080
user-agent: curl/8.5.0
accept: */*
host: localhost:8080
user-agent: curl/8.5.0
accept: */*
host: localhost:8080
user-agent: curl/8.5.0
accept: */*
host: localhost:8080
user-agent: curl/8.5.0
accept: */*
host: localhost:8080
user-agent: curl/8.5.0
accept: */*
host: localhost:8080
user-agent: curl/8.5.0
accept: */*
host: localhost:8080
user-agent: curl/8.5.0
accept: */*
host: localhost:8080
user-agent: curl/8.5.0
host: localhost
host: localhost
accept: */*
host: localhost:8080
user-agent: curl/8.5.0
accept: */*
host: localhost:8080
user-agent: curl/8.5.0
accept: */*
host: localhost:8080
user-agent: curl/8.5.0
accept: */*
host: localhost:8080
user-agent: curl/8.5.0
accept: */*
host: localhost:8080
user-agent: curl/8.5.0
accept: */*
host: localhost:8080
user-agent: curl/8.5.0
accept: */*
host: localhost:8080
user-agent: curl/8.5.0
accept: */*
host: localhost:8080
user-agent: curl/8.5.0
accept: */*
host: localhost:8080
user-agent: curl/8.5.0
accept: */*
host: localhost:8080
user-agent: curl/8.5.0
accept: */*
host: localhost:8080
user-agent: curl/8.5.0
accept: */*
host: localhost:8080
user-agent: curl/8.5.0
accept: */*
host: localhost:8080
user-agent: curl/8.5.0
accept: */*
host: localhost:8080
user-agent: curl/8.5.0
accept: */*
host: localhost:8080
user-agent: curl/8.5.0
accept: */*
host: localhost:8080
user-agent: curl/8.5.0
accept: */*
host: localhost:8080
user-agent: curl/8.5.0
accept: */*
host: localhost:8080
user-agent: curl/8.5.0
accept: */*
host: localhost:8080
user-agent: curl/8.5.0
accept: */*
host: localhost:8080
user-agent: curl/8.5.0
accept: */*
host: localhost:8080
user-agent: curl/8.5.0
accept: */*
host: localhost:8080
user-agent: curl/8.5.0
accept: */*
host: localhost:8080
user-agent: curl/8.5.0
accept: */*
host: localhost:8080
user-agent: curl/8.5.0
accept: */*
host: localhost:8080
user-agent: curl/8.5.0
accept: */*
host: localhost:8080
user-agent: curl/8.5.0
accept: */*
host: localhost:8080
user-agent: curl/8.5.0
accept: */*
host: localhost:8080
user-agent: curl/8.5.0
accept: */*
host: localhost:8080
user-agent: curl/8.5.0
accept: */*
host: localhost:8080
user-agent: curl/8.5.0
accept: */*
host: localhost:8080
user-agent: curl/8.5.0
accept: */*
host: localhost:8080
user-agent: curl/8.5.0
accept: */*
host: localhost:8080
user-agent: curl/8.5.0
accept: */*
host: localhost:8080
user-agent: curl/8.5.0
accept: */*
host: localhost:8080
user-agent: curl/8.5.0
accept: */*
host: localhost:8080
user-agent: curl/8.5.0
accept: */*
host: localhost:8080
user-agent: curl/8.5.0
accept: */*
host: localhost:8080
user-agent: curl/8.5.0
accept: */*
host: localhost:8080
user-agent: curl/8.5.0
accept: */*
host: localhost:8080
user-agent: curl/8.5.0
accept: */*
host: localhost:8080
user-agent: curl/8.5.0
accept: */*
host: localhost:8080
user-agent: curl/8.5.0
accept: */*
host: localhost:8080
user-agent: curl/8.5.0
accept: */*
host: localhost:8080
user-agent: curl/8.5.0
accept: */*
host: localhost:8080
user-agent: curl/8.5.0
accept: */*
host: localhost:8080
user-agent: curl/8.5.0
accept: */*
host: localhost:8080
user-agent: curl/8.5.0
accept: */*
host: localhost:8080
user-agent: curl/8.5.0
accept: */*
host: localhost:8080
user-agent: curl/8.5.0
accept: */*
host: localhost:8080
user-agent: curl/8.5.0
accept: */*
host: localhost:8080
user-agent: curl/8.5.0
accept: */*
host: localhost:8080
user-agent: curl/8.5.0
accept: */*
host: localhost:8080
user-agent: curl/8.5.0
accept: */*
host: localhost:8080
user-agent: curl/8.5.0
accept: */*
host: localhost:8080
user-agent: curl/8.5.0
accept: */*
host: localhost:8080
user-agent: curl/8.5.0
accept: */*
host: localhost:8080
user-agent: curl/8.5.0
accept: */*
host: localhost:8080
user-agent: curl/8.5.0
accept: */*
host: localhost:8080
user-agent: curl/8.5.0
accept: */*
host: localhost:8080
user-agent: curl/8.5.0
accept: */*
host: localhost:8080
user-agent: curl/8.5.0
accept: */*
host: localhost:8080
user-agent: curl/8.5.0
accept: */*
host: localhost:8080
user-agent: curl/8.5.0
accept: */*
host: localhost:8080
user-agent: curl/8.5.0
accept: */*
host: localhost:8080
user-agent: curl/8.5.0
accept: */*
host: localhost:8080
user-agent: curl/8.5.0
accept: */*
host: localhost:8080
user-agent: curl/8.5.0
accept: */*
host: localhost:8080
user-agent: curl/8.5.0
accept: */*
host: localhost:8080
user-agent: curl/8.5.0
accept: */*
host: localhost:8080
user-agent: curl/8.5.0
accept: */*
host: localhost:8080
user-agent: curl/8.5.0
accept: */*
host: localhost:8080
user-agent: curl/8.5.0
accept: */*
host: localhost:8080
user-agent: curl/8.5.0
accept: */*
host: localhost:8080
user-agent: curl/8.5.0
accept: */*
host: localhost:8080
user-agent: curl/8.5.0
accept: */*
content-length: 16
content-type: application/x-www-form-urlencoded
host: localhost:8080
user-agent: curl/8.5.0
POST uri: /auto_create_upload.txt
POST location path: /
POST location root: www
POST upload enabled: 0
POST upload explicit: 0
POST upload path: 
content-length: 5
host: localhost
transfer-encoding: ChUnKeD
POST uri: /case_chunked.txt
POST location path: /
POST location root: www
POST upload enabled: 0
POST upload explicit: 0
POST upload path: 
content-length: 5
host: localhost
transfer-encoding: chunked
POST uri: /chunked_trailer.txt
POST location path: /
POST location root: www
POST upload enabled: 0
POST upload explicit: 0
POST upload path: 
accept: */*
content-length: 16
content-type: application/x-www-form-urlencoded
host: localhost:8080
user-agent: curl/8.5.0
POST uri: /test_upload.txt
POST location path: /
POST location root: www
POST upload enabled: 0
POST upload explicit: 0
POST upload path: 
accept: */*
host: localhost:8080
user-agent: curl/8.5.0
accept: */*
host: localhost:8080
user-agent: curl/8.5.0
accept: */*
host: localhost:8080
user-agent: curl/8.5.0
accept: */*
host: localhost:8080
user-agent: curl/8.5.0
accept: */*
host: localhost:8080
user-agent: curl/8.5.0
accept: */*
content-length: 1048576
content-type: application/x-www-form-urlencoded
host: localhost:8080
user-agent: curl/8.5.0
POST uri: /body_limit.bin
POST location path: /
POST location root: www
POST upload enabled: 0
POST upload explicit: 0
POST upload path: 
content-length: 1048576
host: localhost
transfer-encoding: chunked
POST uri: /chunked_limit.bin
POST location path: /
POST location root: www
POST upload enabled: 0
POST upload explicit: 0
POST upload path: 
accept: */*
host: localhost:8080
user-agent: curl/8.5.0
host: localhost
accept: */*
host: localhost:8080
user-agent: curl/8.5.0
accept: */*
host: localhost:8080
user-agent: curl/8.5.0
accept: */*
host: localhost:8080
user-agent: curl/8.5.0
accept: */*
host: localhost:8080
user-agent: curl/8.5.0
accept: */*
host: localhost:8080
user-agent: curl/8.5.0
accept: */*
host: localhost:8080
user-agent: curl/8.5.0
accept: */*
host: localhost:8080
user-agent: curl/8.5.0
accept: */*
host: localhost:8080
user-agent: curl/8.5.0
accept: */*
host: localhost:8080
user-agent: curl/8.5.0
accept: */*
host: localhost:8080
user-agent: curl/8.5.0
accept: */*
host: localhost:8080
user-agent: curl/8.5.0
accept: */*
host: localhost:8080
user-agent: curl/8.5.0
accept: */*
host: localhost:8080
user-agent: curl/8.5.0
accept: */*
host: localhost:8080
user-agent: curl/8.5.0
accept: */*
host: localhost:8080
user-agent: curl/8.5.0
accept: */*
host: localhost:8080
user-agent: curl/8.5.0
accept: */*
host: localhost:8080
user-agent: curl/8.5.0
accept: */*
host: localhost:8080
user-agent: curl/8.5.0
accept: */*
host: localhost:8080
user-agent: curl/8.5.0
accept: */*
host: localhost:8080
user-agent: curl/8.5.0
accept: */*
host: localhost:8080
user-agent: curl/8.5.0
accept: */*
host: localhost:8080
user-agent: curl/8.5.0
accept: */*
host: localhost:8080
user-agent: curl/8.5.0
accept: */*
host: localhost:8080
user-agent: curl/8.5.0
host: localhost
accept: */*
host: localhost:8080
user-agent: curl/8.5.0
accept: */*
host: localhost:8080
user-agent: curl/8.5.0
accept: */*
host: localhost:8080
user-agent: curl/8.5.0
accept: */*
host: localhost:8080
user-agent: curl/8.5.0
accept: */*
host: localhost:8080
user-agent: curl/8.5.0
accept: */*
host: localhost:8080
user-agent: curl/8.5.0
